[2026-10-05 09:15:22]  Tool: document_reader  |  Status: KEYWORD_MATCH
  Input:  What is the 30-day readmission rate in the healthcare report?
  Output: [Document ID: doc_healthcare_stats]
  Title: Healthcare Statistics 2026

  Hospital Performance Metrics 2026
  Total Patients: 45,230
  Average Length of Stay: 4.2 days
  30-Day Readmission Rate: 8.3%
  Patient Satisfaction Score: 87/100
  Bed Occupancy Rate: 78%
  Emergency Department Visits: 12,450
  Surgical Success Rate: 96.2%
  Average Cost Per Patient: $8,750

[2026-10-05 09:17:05]  Tool: document_reader  |  Status: KEYWORD_MATCH
  Input:  What was the average length of hospital stay?
  Output: [Document ID: doc_healthcare_stats]
  Title: Healthcare Statistics 2026

  Hospital Performance Metrics 2026
  Total Patients: 45,230
  Average Length of Stay: 4.2 days
  30-Day Readmission Rate: 8.3%
  Patient Satisfaction Score: 87/100
  Bed Occupancy Rate: 78%
  Emergency Department Visits: 12,450
  Surgical Success Rate: 96.2%
  Average Cost Per Patient: $8,750

