[2026-10-05 11:20:15]  Tool: document_reader  |  Status: KEYWORD_MATCH
  Input:  total revenue Q1 and Q2
  Output: [Document ID: doc_financial_q1]
  Title: Q1 2026 Financial Report

  Total Revenue: $4,200,000
  Net Profit: $1,400,000
  ...

  ============================================================

  [Document ID: doc_financial_q2]
  Title: Q2 2026 Financial Report

  Total Revenue: $5,100,000
  Net Profit: $1,900,000
  ...

[2026-10-05 11:20:17]  Tool: calculator  |  Status: OK
  Input:  4200000 + 5100000
  Output: Result: 9,300,000  (expression: 4200000 + 5100000)

[2026-10-05 11:22:40]  Tool: document_reader  |  Status: EXACT_MATCH
  Input:  doc_financial_q2
  Output: [Document ID: doc_financial_q2]
  Title: Q2 2026 Financial Report

  Total Revenue: $5,100,000
  Net Profit: $1,900,000
  Gross Margin: 67%
  ...

[2026-10-05 11:22:42]  Tool: calculator  |  Status: OK
  Input:  1900000 / 5100000 * 100
  Output: Result: 37.254902  (expression: 1900000 / 5100000 * 100)

[2026-10-05 11:24:10]  Tool: document_reader  |  Status: KEYWORD_MATCH
  Input:  combined net profit Q1 and Q2
  Output: [Document ID: doc_financial_q1]
  Title: Q1 2026 Financial Report

  Net Profit: $1,400,000
  ...

  ============================================================

  [Document ID: doc_financial_q2]
  Title: Q2 2026 Financial Report

  Net Profit: $1,900,000
  ...

[2026-10-05 11:24:12]  Tool: calculator  |  Status: OK
  Input:  1400000 + 1900000
  Output: Result: 3,300,000  (expression: 1400000 + 1900000)

