[2026-10-05 01:30:29]  Tool: document_reader  |  Status: EXACT_MATCH
  Input:  doc_financial_q1
  Output: [Document ID: doc_financial_q1]
Title: Q1 2026 Financial Report

Q1 2026 Financial Report
Total Revenue: $4,200,000
Operating Expenses: $2,800,000
Net Profit: $1,400,000
Gross Margin: 65%
Customer Acquisition Cost: $120
Average Revenue Per User: $350
Year-over-Year Growth: 23%
Cash and Equivalents: $8,500,000
Total Assets: $15,200,000
Total Liabilities: $3,100,000
Debt-to-Equity Ratio: 0.25
Return on Assets: 9.2%
Number of Customers: 12,000

[2026-10-05 01:30:29]  Tool: document_reader  |  Status: EXACT_MATCH
  Input:  doc_financial_q2
  Output: [Document ID: doc_financial_q2]
Title: Q2 2026 Financial Report

Q2 2026 Financial Report
Total Revenue: $5,100,000
Operating Expenses: $3,200,000
Net Profit: $1,900,000
Gross Margin: 67%
Customer Acquisition Cost: $110
Average Revenue Per User: $380
Year-over-Year Growth: 31%
Cash and Equivalents: $10,200,000
Total Assets: $18,500,000
Total Liabilities: $3,800,000
Debt-to-Equity Ratio: 0.28
Return on Assets: 10.3%
Number of Customers: 13,421

[2026-10-05 01:30:30]  Tool: calculator  |  Status: OK
  Input:  4200000 + 5100000
  Output: Result: 9,300,000  (expression: 4200000 + 5100000)

