2026-10-05 00:50:06,566  INFO      [Tool: document_reader] Input: doc_healthcare_stats
2026-10-05 00:50:06,566  INFO      [Tool: document_reader] Output: [Document ID: doc_healthcare_stats]
Title: Healthcare Statistics 2026

Healthcar
2026-10-05 00:50:32,246  INFO      [Tool: document_reader] Input: doc_financial_q1
2026-10-05 00:50:32,247  INFO      [Tool: document_reader] Output: [Document ID: doc_financial_q1]
Title: Q1 2026 Financial Report

Q1 2026 Financi
2026-10-05 00:50:33,156  INFO      [Tool: document_reader] Input: doc_financial_q2
2026-10-05 00:50:33,156  INFO      [Tool: document_reader] Output: [Document ID: doc_financial_q2]
Title: Q2 2026 Financial Report

Q2 2026 Financi
2026-10-05 01:04:04,590  INFO      [Tool: document_reader] Input: doc_healthcare_outcomes
2026-10-05 01:04:04,591  INFO      [Tool: document_reader] Output: [Document ID: doc_healthcare_outcomes]
Title: Patient Outcomes Report 2026

Pati
2026-10-05 01:13:45,858  INFO      [Tool: document_reader] Input: doc_financial_q1
2026-10-05 01:13:45,858  INFO      [Tool: document_reader] Output: [Document ID: doc_financial_q1]
Title: Q1 2026 Financial Report

Q1 2026 Financi
2026-10-05 01:14:23,761  INFO      [Tool: document_reader] Input: policy 2026
2026-10-05 01:14:23,761  INFO      [Tool: document_reader] Output: 

============================================================[Document ID: doc_
2026-10-05 01:16:35,416  INFO      [Tool: document_reader] Input: doc_financial_q1
2026-10-05 01:16:35,416  INFO      [Tool: document_reader] Output: [Document ID: doc_financial_q1]
Title: Q1 2026 Financial Report

Q1 2026 Financi
2026-10-05 01:16:35,417  INFO      [Tool: document_reader] Input: doc_financial_q2
2026-10-05 01:16:35,418  INFO      [Tool: document_reader] Output: [Document ID: doc_financial_q2]
Title: Q2 2026 Financial Report

Q2 2026 Financi
2026-10-05 01:16:35,418  INFO      [Tool: document_reader] Input: q3_2026_financial_report
2026-10-05 01:16:35,418  INFO      [Tool: document_reader] Output: [Document ID: q3_2026_financial_report]
Title: q3_2026_financial_report.csv

Q3 
2026-10-05 01:16:37,259  INFO      [Tool: calculator] Input: 4200000 + 5100000 + 6800000
2026-10-05 01:16:37,260  INFO      [Tool: calculator] Output: Result: 16,100,000  (expression: 4200000 + 5100000 + 6800000)
